

Wed Oct 30 14:59:37 2013
Command line: TestDisk

TestDisk 6.13, Data Recovery Utility, November 2011
Christophe GRENIER <grenier@cgsecurity.org>
http://www.cgsecurity.org
OS: Linux, kernel 3.2.0-51-generic (#77-Ubuntu SMP Wed Jul 24 20:18:19 UTC 2013) x86_64
Compiler: GCC 4.6
Compilation date: 2012-02-05T07:15:52
ext2fs lib: 1.42, ntfs lib: 10:0:0, reiserfs lib: none, ewf lib: none
/dev/sda: LBA, HPA, LBA48, DCO support
/dev/sda: size       976773168 sectors
/dev/sda: user_max   976773168 sectors
/dev/sda: native_max 976773168 sectors
/dev/sda: dco        976773168 sectors
/dev/sdb: LBA, HPA, LBA48, DCO support
/dev/sdb: size       46905264 sectors
/dev/sdb: user_max   46905264 sectors
/dev/sdb: native_max 46905264 sectors
/dev/sdb: dco        46905264 sectors
Warning: can't get size for Disk /dev/mapper/control - 0 B - CHS 1 1 1, sector size=512
Hard disk list
Disk /dev/sda - 500 GB / 465 GiB - CHS 60801 255 63, sector size=512 - HGST HTS545050A7E380, S/N:TE851349GW1NAR, FW:GG2OACD0
Disk /dev/sdb - 24 GB / 22 GiB - CHS 2919 255 63, sector size=512 - SanDisk SSD i100 24GB, S/N:125100101661, FW:11.56.04
Disk /dev/sdc - 1000 GB / 931 GiB - CHS 121601 255 63, sector size=512 - ADATA CH11, FW:AX00

Partition table type (auto): EFI GPT
Disk /dev/sdc - 1000 GB / 931 GiB - ADATA CH11
Partition table type: Intel

Analyse Disk /dev/sdc - 1000 GB / 931 GiB - CHS 121601 255 63
Geometry from i386 MBR: head=255 sector=63
BAD_RS LBA=1 16450559
check_part_i386 1 type EE: no test
Current partition structure:
 1 P EFI GPT                  0   0  2 121601  80 63 1953525167

Bad relative sector.
No partition is bootable
Ask the user for vista mode
Computes LBA from CHS for Disk /dev/sdc - 1000 GB / 931 GiB - CHS 121602 255 63
Allow partial last cylinder : Yes
search_vista_part: 1

search_part()
Disk /dev/sdc - 1000 GB / 931 GiB - CHS 121602 255 63
Search for partition aborted

Results

interface_write()
 
No partition found or selected for recovery
